[2026-04-01T15:55:58.511] [INFO] default - Connecting to Database
[2026-04-01T15:55:58.551] [INFO] default - Setting Middleware
[2026-04-01T15:55:58.553] [INFO] default - Setting API
[2026-04-01T15:56:28.952] [INFO] default - {
  expenseId: 'f29c5601-cbf4-4a26-99f6-0168641dbd5e',
  exapnseDetails: 'dinner',
  amount: 500,
  spenon: 2026-04-01T10:25:58.444Z,
  _id: new ObjectId('69ccf2d44ade72432ffcaffb'),
  __v: 0
}
[2026-04-01T15:57:26.896] [INFO] default - Connecting to Database
[2026-04-01T15:57:26.932] [INFO] default - Setting Middleware
[2026-04-01T15:57:26.935] [INFO] default - Setting API
[2026-04-01T16:00:04.398] [INFO] default - Connecting to Database
[2026-04-01T16:00:04.436] [INFO] default - Setting Middleware
[2026-04-01T16:00:04.438] [INFO] default - Setting API
[2026-04-01T16:16:14.900] [INFO] default - Connecting to Database
[2026-04-01T16:16:14.986] [INFO] default - Setting Middleware
[2026-04-01T16:16:14.991] [INFO] default - Setting API
[2026-04-02T12:31:57.655] [INFO] default - Connecting to Database
[2026-04-02T12:31:57.688] [INFO] default - Setting Middleware
[2026-04-02T12:31:57.691] [INFO] default - Setting API
[2026-04-02T12:33:42.062] [INFO] default - {
  expenseId: '1d6dd64d-174f-4506-805a-bc987c8bc675',
  exapnseDetails: 'dinner',
  amount: 250,
  spenon: 2026-04-02T07:01:57.578Z,
  _id: new ObjectId('69ce14cee20d43eaa814d306'),
  __v: 0
}
[2026-04-02T12:51:33.503] [INFO] default - {
  expenseId: '6e663f9c-832d-48cc-92ce-1967972558b7',
  exapnseDetails: 'dinner',
  amount: 250,
  spenon: 2026-04-02T07:01:57.578Z,
  _id: new ObjectId('69ce18fde20d43eaa814d308'),
  __v: 0
}
[2026-04-02T17:13:09.696] [INFO] default - Connecting to Database
[2026-04-02T17:13:09.762] [INFO] default - Setting Middleware
[2026-04-02T17:13:09.765] [INFO] default - Setting API
[2026-04-02T17:15:03.215] [INFO] default - Connecting to Database
[2026-04-02T17:15:03.294] [INFO] default - Setting Middleware
[2026-04-02T17:15:03.297] [INFO] default - Setting API
[2026-04-02T17:32:02.344] [INFO] default - Connecting to Database
[2026-04-02T17:32:02.367] [INFO] default - Setting Middleware
[2026-04-02T17:32:02.369] [INFO] default - Setting API
[2026-04-03T10:11:58.499] [INFO] default - Connecting to Database
[2026-04-03T10:11:58.552] [INFO] default - Setting Middleware
[2026-04-03T10:11:58.554] [INFO] default - Setting API
[2026-04-03T10:13:03.935] [INFO] default - Connecting to Database
[2026-04-03T10:13:03.970] [INFO] default - Setting Middleware
[2026-04-03T10:13:03.972] [INFO] default - Setting API
[2026-04-03T10:14:03.345] [INFO] default - Connecting to Database
[2026-04-03T10:14:03.407] [INFO] default - Setting Middleware
[2026-04-03T10:14:03.413] [INFO] default - Setting API
[2026-04-03T10:14:15.395] [INFO] default - Connecting to Database
[2026-04-03T10:14:15.503] [INFO] default - Setting Middleware
[2026-04-03T10:14:15.510] [INFO] default - Setting API
[2026-04-03T10:16:31.223] [INFO] default - Connecting to Database
[2026-04-03T10:16:31.269] [INFO] default - Setting Middleware
[2026-04-03T10:16:31.273] [INFO] default - Setting API
[2026-04-03T10:18:54.239] [INFO] default - Connecting to Database
[2026-04-03T10:18:54.284] [INFO] default - Setting Middleware
[2026-04-03T10:18:54.290] [INFO] default - Setting API
[2026-04-03T10:19:13.567] [INFO] default - Connecting to Database
[2026-04-03T10:19:13.627] [INFO] default - Setting Middleware
[2026-04-03T10:19:13.631] [INFO] default - Setting API
[2026-04-03T10:20:49.999] [INFO] default - Connecting to Database
[2026-04-03T10:20:50.036] [INFO] default - Setting Middleware
[2026-04-03T10:20:50.039] [INFO] default - Setting API
[2026-04-03T10:26:26.667] [INFO] default - Connecting to Database
[2026-04-03T10:26:26.701] [INFO] default - Setting Middleware
[2026-04-03T10:26:26.702] [INFO] default - Setting API
[2026-04-03T10:32:03.061] [INFO] default - Connecting to Database
[2026-04-03T10:32:03.115] [INFO] default - Setting Middleware
[2026-04-03T10:32:03.117] [INFO] default - Setting API
[2026-04-03T10:33:39.423] [INFO] default - Connecting to Database
[2026-04-03T10:33:39.509] [INFO] default - Setting Middleware
[2026-04-03T10:33:39.511] [INFO] default - Setting API
